---
source: compiler/parser/src/context.rs
expression: parse_ast
---
[
    Located {
        location: Location {
            row: 1,
            column: 1,
        },
        end_location: Some(
            Location {
                row: 1,
                column: 20,
            },
        ),
        custom: (),
        node: Assign {
            targets: [
                Located {
                    location: Location {
                        row: 1,
                        column: 2,
                    },
                    end_location: Some(
                        Location {
                            row: 1,
                            column: 7,
                        },
                    ),
                    custom: (),
                    node: Tuple {
                        elts: [
                            Located {
                                location: Location {
                                    row: 1,
                                    column: 2,
                                },
                                end_location: Some(
                                    Location {
                                        row: 1,
                                        column: 3,
                                    },
                                ),
                                custom: (),
                                node: Name {
                                    id: "x",
                                    ctx: Store,
                                },
                            },
                            Located {
                                location: Location {
                                    row: 1,
                                    column: 5,
                                },
                                end_location: Some(
                                    Location {
                                        row: 1,
                                        column: 7,
                                    },
                                ),
                                custom: (),
                                node: Starred {
                                    value: Located {
                                        location: Location {
                                            row: 1,
                                            column: 6,
                                        },
                                        end_location: Some(
                                            Location {
                                                row: 1,
                                                column: 7,
                                            },
                                        ),
                                        custom: (),
                                        node: Name {
                                            id: "y",
                                            ctx: Store,
                                        },
                                    },
                                    ctx: Store,
                                },
                            },
                        ],
                        ctx: Store,
                    },
                },
            ],
            value: Located {
                location: Location {
                    row: 1,
                    column: 12,
                },
                end_location: Some(
                    Location {
                        row: 1,
                        column: 19,
                    },
                ),
                custom: (),
                node: Tuple {
                    elts: [
                        Located {
                            location: Location {
                                row: 1,
                                column: 12,
                            },
                            end_location: Some(
                                Location {
                                    row: 1,
                                    column: 13,
                                },
                            ),
                            custom: (),
                            node: Constant {
                                value: Int(
                                    1,
                                ),
                                kind: None,
                            },
                        },
                        Located {
                            location: Location {
                                row: 1,
                                column: 15,
                            },
                            end_location: Some(
                                Location {
                                    row: 1,
                                    column: 16,
                                },
                            ),
                            custom: (),
                            node: Constant {
                                value: Int(
                                    2,
                                ),
                                kind: None,
                            },
                        },
                        Located {
                            location: Location {
                                row: 1,
                                column: 18,
                            },
                            end_location: Some(
                                Location {
                                    row: 1,
                                    column: 19,
                                },
                            ),
                            custom: (),
                            node: Constant {
                                value: Int(
                                    3,
                                ),
                                kind: None,
                            },
                        },
                    ],
                    ctx: Load,
                },
            },
            type_comment: None,
        },
    },
]
