---
source: parser/src/fstring.rs
expression: "parse_fstring(\"\").unwrap()"
---
[]
